// Jest Snapshot v1, https://goo.gl/fbAQLP

exports[`Should match its default snapshot 1`] = `
<div
  style={
    Object {
      "display": "flex",
      "flex": 1,
      "flexDirection": "row",
      "flexWrap": "wrap",
      "justifyContent": "center",
      "margin": "8px",
    }
  }
/>
`;
